[themes.potenzaglobalsolutions.com/html/real-villa/index-slider.html]
[backblue.gif]
[fade.gif]
[index.html]
[themes.potenzaglobalsolutions.com/html/real-villa/images/favicon.ico]
[themes.potenzaglobalsolutions.com/html/real-villa/index.html]
[themes.potenzaglobalsolutions.com/html/real-villa/index-02.html]
[themes.potenzaglobalsolutions.com/html/real-villa/index-map.html]
[themes.potenzaglobalsolutions.com/html/real-villa/index-bg-slider.html]
[themes.potenzaglobalsolutions.com/html/real-villa/index-bg-video.html]
[themes.potenzaglobalsolutions.com/html/real-villa/index-half-map.html]
[themes.potenzaglobalsolutions.com/html/real-villa/index-property.html]
[themes.potenzaglobalsolutions.com/html/real-villa/index-splash.html]
[themes.potenzaglobalsolutions.com/html/real-villa/mortgage.html]
[themes.potenzaglobalsolutions.com/html/real-villa/about-us.html]
[themes.potenzaglobalsolutions.com/html/real-villa/services.html]
[themes.potenzaglobalsolutions.com/html/real-villa/submit-property.html]
[themes.potenzaglobalsolutions.com/html/real-villa/advertising.html]
[themes.potenzaglobalsolutions.com/html/real-villa/careers.html]
[themes.potenzaglobalsolutions.com/html/real-villa/blog.html]
[themes.potenzaglobalsolutions.com/html/real-villa/blog-detail.html]
[themes.potenzaglobalsolutions.com/html/real-villa/contact-us.html]
[themes.potenzaglobalsolutions.com/html/real-villa/faqs.html]
[themes.potenzaglobalsolutions.com/html/real-villa/pricing.html]
[themes.potenzaglobalsolutions.com/html/real-villa/compare-properties.html]
[themes.potenzaglobalsolutions.com/html/real-villa/search-no-result.html]
[themes.potenzaglobalsolutions.com/html/real-villa/login.html]
[themes.potenzaglobalsolutions.com/html/real-villa/coming-soon.html]
[themes.potenzaglobalsolutions.com/html/real-villa/error-404.html]
[themes.potenzaglobalsolutions.com/html/real-villa/terms-and-conditions.html]
[themes.potenzaglobalsolutions.com/html/real-villa/images/banner-01.jpg]
[themes.potenzaglobalsolutions.com/html/real-villa/property-list.html]
[themes.potenzaglobalsolutions.com/html/real-villa/property-list-map.html]
[themes.potenzaglobalsolutions.com/html/real-villa/property-grid.html]
[themes.potenzaglobalsolutions.com/html/real-villa/property-grid-map.html]
[themes.potenzaglobalsolutions.com/html/real-villa/property-detail-style-01.html]
[themes.potenzaglobalsolutions.com/html/real-villa/property-detail-style-02.html]
[themes.potenzaglobalsolutions.com/html/real-villa/property-detail-style-03.html]
[themes.potenzaglobalsolutions.com/html/real-villa/property-detail-style-04.html]
[themes.potenzaglobalsolutions.com/html/real-villa/search-style-under-banner.html]
[themes.potenzaglobalsolutions.com/html/real-villa/search-style-above-banner.html]
[themes.potenzaglobalsolutions.com/html/real-villa/search-style-below-banner.html]
[themes.potenzaglobalsolutions.com/html/real-villa/search-style-advanced.html]
[themes.potenzaglobalsolutions.com/html/real-villa/search-style-classic.html]
[themes.potenzaglobalsolutions.com/html/real-villa/search-style-with-filter.html]
[themes.potenzaglobalsolutions.com/html/real-villa/search-style-advanced-02.html]
[themes.potenzaglobalsolutions.com/html/real-villa/search-style-advanced-03.html]
[themes.potenzaglobalsolutions.com/html/real-villa/element-feature-box.html]
[themes.potenzaglobalsolutions.com/html/real-villa/element-testimonials.html]
[themes.potenzaglobalsolutions.com/html/real-villa/element-accordion.html]
[themes.potenzaglobalsolutions.com/html/real-villa/element-tabs.html]
[themes.potenzaglobalsolutions.com/html/real-villa/element-typography.html]
[themes.potenzaglobalsolutions.com/html/real-villa/element-counter.html]
[themes.potenzaglobalsolutions.com/html/real-villa/element-countdown.html]
[themes.potenzaglobalsolutions.com/html/real-villa/element-category.html]
[themes.potenzaglobalsolutions.com/html/real-villa/agency-grid.html]
[themes.potenzaglobalsolutions.com/html/real-villa/agency-list.html]
[themes.potenzaglobalsolutions.com/html/real-villa/agency-detail.html]
[themes.potenzaglobalsolutions.com/html/real-villa/agent-grid.html]
[themes.potenzaglobalsolutions.com/html/real-villa/agent-list.html]
[themes.potenzaglobalsolutions.com/html/real-villa/agent-detail.html]
[themes.potenzaglobalsolutions.com/html/real-villa/account-profile.html]
[themes.potenzaglobalsolutions.com/html/real-villa/account-my-properties.html]
[themes.potenzaglobalsolutions.com/html/real-villa/account-agency-management.html]
[themes.potenzaglobalsolutions.com/html/real-villa/account-saved-homes.html]
[themes.potenzaglobalsolutions.com/html/real-villa/account-saved-rental.html]
[themes.potenzaglobalsolutions.com/html/real-villa/images/slider/01.jpg]
[themes.potenzaglobalsolutions.com/html/real-villa/images/slider/02.jpg]
[themes.potenzaglobalsolutions.com/html/real-villa/images/property/grid/02.jpg]
[themes.potenzaglobalsolutions.com/html/real-villa/images/avatar/02.jpg]
[themes.potenzaglobalsolutions.com/html/real-villa/images/property/grid/04.jpg]
[themes.potenzaglobalsolutions.com/html/real-villa/images/avatar/04.jpg]
[themes.potenzaglobalsolutions.com/html/real-villa/images/property/grid/05.jpg]
[themes.potenzaglobalsolutions.com/html/real-villa/images/avatar/05.jpg]
[themes.potenzaglobalsolutions.com/html/real-villa/images/mobile-app.png]
[themes.potenzaglobalsolutions.com/html/real-villa/images/property/list/01.jpg]
[themes.potenzaglobalsolutions.com/html/real-villa/images/property/list/02.jpg]
[themes.potenzaglobalsolutions.com/html/real-villa/js/jquery-3.6.0.min.js]
[themes.potenzaglobalsolutions.com/html/real-villa/js/popper/popper.min.js]
[themes.potenzaglobalsolutions.com/html/real-villa/js/bootstrap/bootstrap.min.js]
[themes.potenzaglobalsolutions.com/html/real-villa/js/jquery.appear.js]
[themes.potenzaglobalsolutions.com/html/real-villa/js/counter/jquery.countTo.js]
[themes.potenzaglobalsolutions.com/html/real-villa/js/select2/select2.full.js]
[themes.potenzaglobalsolutions.com/html/real-villa/js/range-slider/ion.rangeSlider.min.js]
[themes.potenzaglobalsolutions.com/html/real-villa/js/owl-carousel/owl.carousel.min.js]
[themes.potenzaglobalsolutions.com/html/real-villa/js/jarallax/jarallax.min.js]
[themes.potenzaglobalsolutions.com/html/real-villa/js/jarallax/jarallax-video.min.js]
[themes.potenzaglobalsolutions.com/html/real-villa/js/magnific-popup/jquery.magnific-popup.min.js]
[themes.potenzaglobalsolutions.com/html/real-villa/js/custom.js]
[themes.potenzaglobalsolutions.com/html/real-villa/index-slider.html]
[themes.potenzaglobalsolutions.com/html/real-villa/fonts/fa-brands-400.eot]
[themes.potenzaglobalsolutions.com/html/real-villa/fonts/fa-brands-400.woff2]
[themes.potenzaglobalsolutions.com/html/real-villa/fonts/fa-brands-400d41d.eot]
[themes.potenzaglobalsolutions.com/html/real-villa/fonts/fa-brands-400.woff]
[themes.potenzaglobalsolutions.com/html/real-villa/fonts/fa-brands-400.ttf]
[themes.potenzaglobalsolutions.com/html/real-villa/fonts/fa-regular-400.eot]
[themes.potenzaglobalsolutions.com/html/real-villa/fonts/fa-regular-400.woff2]
[themes.potenzaglobalsolutions.com/html/real-villa/fonts/fa-regular-400d41d.eot]
[themes.potenzaglobalsolutions.com/html/real-villa/fonts/fa-regular-400.woff]
[themes.potenzaglobalsolutions.com/html/real-villa/fonts/fa-regular-400.ttf]
[themes.potenzaglobalsolutions.com/html/real-villa/fonts/fa-solid-900.eot]
[themes.potenzaglobalsolutions.com/html/real-villa/fonts/fa-solid-900.woff2]
[themes.potenzaglobalsolutions.com/html/real-villa/fonts/fa-solid-900.woff]
[themes.potenzaglobalsolutions.com/html/real-villa/fonts/fa-solid-900d41d.eot]
[themes.potenzaglobalsolutions.com/html/real-villa/fonts/fa-solid-900.ttf]
[themes.potenzaglobalsolutions.com/html/real-villa/css/font-awesome/all.min.css]
[themes.potenzaglobalsolutions.com/html/real-villa/fonts/Flaticon.eot]
[themes.potenzaglobalsolutions.com/html/real-villa/fonts/Flaticond41d.eot]
[themes.potenzaglobalsolutions.com/html/real-villa/fonts/Flaticon.woff2]
[themes.potenzaglobalsolutions.com/html/real-villa/fonts/Flaticon.woff]
[themes.potenzaglobalsolutions.com/html/real-villa/fonts/Flaticon.ttf]
[themes.potenzaglobalsolutions.com/html/real-villa/css/flaticon/flaticon.css]
[themes.potenzaglobalsolutions.com/html/real-villa/css/bootstrap/bootstrap.min.css]
[themes.potenzaglobalsolutions.com/html/real-villa/css/select2/select2.css]
[themes.potenzaglobalsolutions.com/html/real-villa/css/range-slider/ion.rangeSlider.css]
[themes.potenzaglobalsolutions.com/html/real-villa/css/owl-carousel/owl.carousel.min.css]
[themes.potenzaglobalsolutions.com/html/real-villa/css/magnific-popup/magnific-popup.css]
[themes.potenzaglobalsolutions.com/html/real-villa/css/animate/animate.min.css]
[themes.potenzaglobalsolutions.com/html/real-villa/css/style.css]
[themes.potenzaglobalsolutions.com/html/real-villa/images/property/grid/01.jpg]
[themes.potenzaglobalsolutions.com/html/real-villa/images/avatar/01.jpg]
[themes.potenzaglobalsolutions.com/html/real-villa/images/property/grid/03.jpg]
[themes.potenzaglobalsolutions.com/html/real-villa/images/avatar/03.jpg]
[themes.potenzaglobalsolutions.com/html/real-villa/images/property/grid/06.jpg]
[themes.potenzaglobalsolutions.com/html/real-villa/images/avatar/06.jpg]
[themes.potenzaglobalsolutions.com/html/real-villa/images/property/big-img-01.jpg]
[themes.potenzaglobalsolutions.com/html/real-villa/images/property/big-img-02.jpg]
[themes.potenzaglobalsolutions.com/html/real-villa/images/building-bg.png]
[themes.potenzaglobalsolutions.com/html/real-villa/images/bg/02.jpg]
[themes.potenzaglobalsolutions.com/html/real-villa/images/agent/01.jpg]
[themes.potenzaglobalsolutions.com/html/real-villa/images/agent/02.jpg]
[themes.potenzaglobalsolutions.com/html/real-villa/images/agent/03.jpg]
[themes.potenzaglobalsolutions.com/html/real-villa/images/agent/04.jpg]
[themes.potenzaglobalsolutions.com/html/real-villa/images/location/01.jpg]
[themes.potenzaglobalsolutions.com/html/real-villa/images/location/02.jpg]
[themes.potenzaglobalsolutions.com/html/real-villa/images/location/04.jpg]
[themes.potenzaglobalsolutions.com/html/real-villa/images/blog/01.jpg]
[themes.potenzaglobalsolutions.com/html/real-villa/images/blog/02.jpg]
[themes.potenzaglobalsolutions.com/html/real-villa/images/blog/03.jpg]
[themes.potenzaglobalsolutions.com/html/real-villa/index.html]
[themes.potenzaglobalsolutions.com/html/real-villa/images/logo.svg]
[themes.potenzaglobalsolutions.com/html/real-villa/images/banner-02.jpg]
[themes.potenzaglobalsolutions.com/html/real-villa/images/location/03.jpg]
[themes.potenzaglobalsolutions.com/html/real-villa/images/bg/01.jpg]
[themes.potenzaglobalsolutions.com/html/real-villa/images/property/medium-img-01.jpg]
[themes.potenzaglobalsolutions.com/html/real-villa/images/property/medium-img-02.jpg]
[themes.potenzaglobalsolutions.com/html/real-villa/images/google-map.png]
[themes.potenzaglobalsolutions.com/html/real-villa/js/countdown/jquery.downCount.js]
[themes.potenzaglobalsolutions.com/html/real-villa/index-02.html]
[themes.potenzaglobalsolutions.com/html/real-villa/js/map/handlebars.min.js]
[themes.potenzaglobalsolutions.com/html/real-villa/js/map/snazzy-info-window.min.js]
[themes.potenzaglobalsolutions.com/html/real-villa/js/map/map-script.js]
[themes.potenzaglobalsolutions.com/html/real-villa/index-map.html]
[themes.potenzaglobalsolutions.com/html/real-villa/images/bg-slider/01.jpg]
[themes.potenzaglobalsolutions.com/html/real-villa/images/bg-slider/02.jpg]
[themes.potenzaglobalsolutions.com/html/real-villa/images/bg-slider/03.jpg]
[themes.potenzaglobalsolutions.com/html/real-villa/js/slideshow/jquery.velocity.min.js]
[themes.potenzaglobalsolutions.com/html/real-villa/js/slideshow/jquery.kenburnsy.js]
[themes.potenzaglobalsolutions.com/html/real-villa/index-bg-slider.html]
[themes.potenzaglobalsolutions.com/html/real-villa/index-bg-video.html]
[themes.potenzaglobalsolutions.com/html/real-villa/images/property/list/03.jpg]
[themes.potenzaglobalsolutions.com/html/real-villa/images/property/list/04.jpg]
[themes.potenzaglobalsolutions.com/html/real-villa/images/property/list/05.jpg]
[themes.potenzaglobalsolutions.com/html/real-villa/js/slick/slick.min.js]
[themes.potenzaglobalsolutions.com/html/real-villa/js/datetimepicker/moment.min.js]
[themes.potenzaglobalsolutions.com/html/real-villa/js/datetimepicker/datetimepicker.min.js]
[themes.potenzaglobalsolutions.com/html/real-villa/js/nicescroll/jquery.nicescroll.min.js]
[themes.potenzaglobalsolutions.com/html/real-villa/index-half-map.html]
[themes.potenzaglobalsolutions.com/html/real-villa/images/bg-slider-property/01.jpg]
[themes.potenzaglobalsolutions.com/html/real-villa/images/bg-slider-property/02.jpg]
[themes.potenzaglobalsolutions.com/html/real-villa/index-property.html]
[themes.potenzaglobalsolutions.com/html/real-villa/index-splash.html]
[themes.potenzaglobalsolutions.com/html/real-villa/properties.html]
[themes.potenzaglobalsolutions.com/html/real-villa/mortgage.html]
[themes.potenzaglobalsolutions.com/html/real-villa/about-us.html]
[themes.potenzaglobalsolutions.com/html/real-villa/services.html]
[themes.potenzaglobalsolutions.com/html/real-villa/submit-property.html]
[themes.potenzaglobalsolutions.com/html/real-villa/advertising.html]
[themes.potenzaglobalsolutions.com/html/real-villa/images/gallery/01.jpg]
[themes.potenzaglobalsolutions.com/html/real-villa/images/gallery/02.jpg]
[themes.potenzaglobalsolutions.com/html/real-villa/images/gallery/03.jpg]
[themes.potenzaglobalsolutions.com/html/real-villa/images/gallery/04.jpg]
[themes.potenzaglobalsolutions.com/html/real-villa/images/gallery/05.jpg]
[themes.potenzaglobalsolutions.com/html/real-villa/images/gallery/06.jpg]
[themes.potenzaglobalsolutions.com/html/real-villa/images/gallery/07.jpg]
[themes.potenzaglobalsolutions.com/html/real-villa/images/gallery/08.jpg]
[themes.potenzaglobalsolutions.com/html/real-villa/careers.html]
[themes.potenzaglobalsolutions.com/html/real-villa/blog.html]
[themes.potenzaglobalsolutions.com/html/real-villa/blog-detail.html]
[themes.potenzaglobalsolutions.com/html/real-villa/contact-us.html]
[themes.potenzaglobalsolutions.com/html/real-villa/faqs.html]
[themes.potenzaglobalsolutions.com/html/real-villa/pricing.html]
[themes.potenzaglobalsolutions.com/html/real-villa/compare-properties.html]
[themes.potenzaglobalsolutions.com/html/real-villa/images/no-found.png]
[themes.potenzaglobalsolutions.com/html/real-villa/search-no-result.html]
[themes.potenzaglobalsolutions.com/html/real-villa/login.html]
[themes.potenzaglobalsolutions.com/html/real-villa/images/building.png]
[themes.potenzaglobalsolutions.com/html/real-villa/coming-soon.html]
[themes.potenzaglobalsolutions.com/html/real-villa/images/error/01.png]
[themes.potenzaglobalsolutions.com/html/real-villa/images/error/cloud-01.png]
[themes.potenzaglobalsolutions.com/html/real-villa/images/error/cloud-02.png]
[themes.potenzaglobalsolutions.com/html/real-villa/images/error/cloud-03.png]
[themes.potenzaglobalsolutions.com/html/real-villa/images/error/cloud-04.png]
[themes.potenzaglobalsolutions.com/html/real-villa/images/error/02.png]
[themes.potenzaglobalsolutions.com/html/real-villa/error-404.html]
[themes.potenzaglobalsolutions.com/html/real-villa/terms-and-conditions.html]
[themes.potenzaglobalsolutions.com/html/real-villa/property-list.html]
[themes.potenzaglobalsolutions.com/html/real-villa/property-list-map.html]
[themes.potenzaglobalsolutions.com/html/real-villa/property-grid.html]
[themes.potenzaglobalsolutions.com/html/real-villa/property-grid-map.html]
[themes.potenzaglobalsolutions.com/html/real-villa/images/property/floor-plans-01.jpg]
[themes.potenzaglobalsolutions.com/html/real-villa/images/property/walk-score.png]
[themes.potenzaglobalsolutions.com/html/real-villa/images/property/views--statistics.jpg]
[themes.potenzaglobalsolutions.com/html/real-villa/property-detail-style-01.html]
[themes.potenzaglobalsolutions.com/html/real-villa/property-detail-style-02.html]
[themes.potenzaglobalsolutions.com/html/real-villa/property-detail-style-03.html]
[themes.potenzaglobalsolutions.com/html/real-villa/property-detail-style-04.html]
[themes.potenzaglobalsolutions.com/html/real-villa/search-style-under-banner.html]
[themes.potenzaglobalsolutions.com/html/real-villa/search-style-above-banner.html]
[themes.potenzaglobalsolutions.com/html/real-villa/search-style-below-banner.html]
[themes.potenzaglobalsolutions.com/html/real-villa/search-style-advanced.html]
[themes.potenzaglobalsolutions.com/html/real-villa/search-style-classic.html]
[themes.potenzaglobalsolutions.com/html/real-villa/search-style-with-filter.html]
[themes.potenzaglobalsolutions.com/html/real-villa/search-style-advanced-02.html]
[themes.potenzaglobalsolutions.com/html/real-villa/search-style-advanced-03.html]
[themes.potenzaglobalsolutions.com/html/real-villa/element-feature-box.html]
[themes.potenzaglobalsolutions.com/html/real-villa/element-testimonials.html]
[themes.potenzaglobalsolutions.com/html/real-villa/element-accordion.html]
[themes.potenzaglobalsolutions.com/html/real-villa/element-tabs.html]
[themes.potenzaglobalsolutions.com/html/real-villa/element-typography.html]
[themes.potenzaglobalsolutions.com/html/real-villa/element-counter.html]
[themes.potenzaglobalsolutions.com/html/real-villa/element-countdown.html]
[themes.potenzaglobalsolutions.com/html/real-villa/element-category.html]
[themes.potenzaglobalsolutions.com/html/real-villa/images/agency/01.png]
[themes.potenzaglobalsolutions.com/html/real-villa/images/agency/02.png]
[themes.potenzaglobalsolutions.com/html/real-villa/images/agency/03.png]
[themes.potenzaglobalsolutions.com/html/real-villa/images/agency/04.png]
[themes.potenzaglobalsolutions.com/html/real-villa/agency-grid.html]
[themes.potenzaglobalsolutions.com/html/real-villa/agency-list.html]
[themes.potenzaglobalsolutions.com/html/real-villa/agency-detail.html]
[themes.potenzaglobalsolutions.com/html/real-villa/agent-grid.html]
[themes.potenzaglobalsolutions.com/html/real-villa/agent-list.html]
[themes.potenzaglobalsolutions.com/html/real-villa/agent-detail.html]
[themes.potenzaglobalsolutions.com/html/real-villa/account-profile.html]
[themes.potenzaglobalsolutions.com/html/real-villa/account-my-properties.html]
[themes.potenzaglobalsolutions.com/html/real-villa/account-agency-management.html]
[themes.potenzaglobalsolutions.com/html/real-villa/account-saved-homes.html]
[themes.potenzaglobalsolutions.com/html/real-villa/account-saved-rental.html]
[themes.potenzaglobalsolutions.com/html/real-villa/images/logo-light.svg]
[themes.potenzaglobalsolutions.com/html/real-villa/fonts/fa-brands-400.svg]
[themes.potenzaglobalsolutions.com/html/real-villa/fonts/fa-regular-400.svg]
[themes.potenzaglobalsolutions.com/html/real-villa/fonts/fa-solid-900.svg]
[themes.potenzaglobalsolutions.com/html/real-villa/fonts/Flaticon.svg]
[themes.potenzaglobalsolutions.com/html/real-villa/css/flaticon/Flaticon.html]
[themes.potenzaglobalsolutions.com/html/real-villa/css/owl-carousel/owl.video.play.html]
[themes.potenzaglobalsolutions.com/html/real-villa/css/map/snazzy-info-window.min.css]
[themes.potenzaglobalsolutions.com/html/real-villa/images/client/amazon.svg]
[themes.potenzaglobalsolutions.com/html/real-villa/images/client/flipkart.svg]
[themes.potenzaglobalsolutions.com/html/real-villa/images/client/google.svg]
[themes.potenzaglobalsolutions.com/html/real-villa/images/client/paypal.svg]
[themes.potenzaglobalsolutions.com/html/real-villa/images/client/philips.svg]
[themes.potenzaglobalsolutions.com/html/real-villa/images/client/slack.svg]
[themes.potenzaglobalsolutions.com/html/real-villa/images/client/spotify.svg]
[themes.potenzaglobalsolutions.com/html/real-villa/images/client/stack-overflow.svg]
[themes.potenzaglobalsolutions.com/html/real-villa/css/subtle-slideshow.css]
[themes.potenzaglobalsolutions.com/html/real-villa/css/datetimepicker/datetimepicker.min.css]
[themes.potenzaglobalsolutions.com/html/real-villa/images/ajax-loader.gif]
[themes.potenzaglobalsolutions.com/html/real-villa/css/slick/slick-theme.css]
